// Jest Snapshot v1, https://goo.gl/fbAQLP

exports[`lint-change-detection should match the expected linting errors snapshot 1`] = `
{
  "stderr": "Change detection lint errors found:
tools/lint-change-detection.test.ts:24:29 - Decorator @SceneChangeDetection applied to property 'requiredObject' with type 'object'.
    * Switch to @SceneObjectChangeDetection for object properties.

tools/lint-change-detection.test.ts:25:29 - Decorator @SceneChangeDetection applied to property 'optionalObject' with type 'object'.
    * Switch to @SceneObjectChangeDetection for object properties.

tools/lint-change-detection.test.ts:26:29 - Decorator @SceneChangeDetection applied to property 'requiredAnyArray' with type 'any[]'.
    * Mutable arrays are not allowed. Use readonly arrays instead.
    * Switch to @SceneArrayChangeDetection for array properties.

tools/lint-change-detection.test.ts:27:29 - Decorator @SceneChangeDetection applied to property 'optionalAnyArray' with type 'any[]'.
    * Mutable arrays are not allowed. Use readonly arrays instead.
    * Switch to @SceneArrayChangeDetection for array properties.

tools/lint-change-detection.test.ts:28:29 - Decorator @SceneChangeDetection applied to property 'requiredObjectArray' with type 'object[]'.
    * Mutable arrays are not allowed. Use readonly arrays instead.
    * Switch to @SceneArrayChangeDetection for array properties.

tools/lint-change-detection.test.ts:29:29 - Decorator @SceneChangeDetection applied to property 'optionalObjectArray' with type 'object[]'.
    * Mutable arrays are not allowed. Use readonly arrays instead.
    * Switch to @SceneArrayChangeDetection for array properties.

tools/lint-change-detection.test.ts:30:29 - Decorator @SceneChangeDetection applied to property 'requiredNumberArray' with type 'number[]'.
    * Mutable arrays are not allowed. Use readonly arrays instead.
    * Switch to @SceneArrayChangeDetection for array properties.

tools/lint-change-detection.test.ts:31:29 - Decorator @SceneChangeDetection applied to property 'optionalNumberArray' with type 'number[]'.
    * Mutable arrays are not allowed. Use readonly arrays instead.
    * Switch to @SceneArrayChangeDetection for array properties.

tools/lint-change-detection.test.ts:32:29 - Decorator @SceneChangeDetection applied to property 'requiredObjectTuple' with type '[string, string, string]'.
    * Mutable tuples are not allowed. Use readonly tuples instead.
    * Switch to @SceneArrayChangeDetection for tuple properties.

tools/lint-change-detection.test.ts:33:29 - Decorator @SceneChangeDetection applied to property 'optionalObjectTuple' with type '[string, string, string]'.
    * Mutable tuples are not allowed. Use readonly tuples instead.
    * Switch to @SceneArrayChangeDetection for tuple properties.

tools/lint-change-detection.test.ts:37:35 - Decorator @SceneObjectChangeDetection applied to property 'requiredString' with type 'string'.
    * SceneObjectChangeDetection should only be applied to non-array object types.

tools/lint-change-detection.test.ts:38:35 - Decorator @SceneObjectChangeDetection applied to property 'optionalString' with type 'string'.
    * SceneObjectChangeDetection should only be applied to non-array object types.

tools/lint-change-detection.test.ts:39:35 - Decorator @SceneObjectChangeDetection applied to property 'requiredNumber' with type 'number'.
    * SceneObjectChangeDetection should only be applied to non-array object types.

tools/lint-change-detection.test.ts:40:35 - Decorator @SceneObjectChangeDetection applied to property 'optionalNumber' with type 'number'.
    * SceneObjectChangeDetection should only be applied to non-array object types.

tools/lint-change-detection.test.ts:41:35 - Decorator @SceneObjectChangeDetection applied to property 'requiredBoolean' with type 'boolean'.
    * SceneObjectChangeDetection should only be applied to non-array object types.

tools/lint-change-detection.test.ts:42:35 - Decorator @SceneObjectChangeDetection applied to property 'optionalBoolean' with type 'boolean'.
    * SceneObjectChangeDetection should only be applied to non-array object types.

tools/lint-change-detection.test.ts:45:35 - Decorator @SceneObjectChangeDetection applied to property 'requiredObjectArray' with type 'object[]'.
    * Mutable arrays are not allowed. Use readonly arrays instead.
    * Switch to @SceneArrayChangeDetection for array properties.

tools/lint-change-detection.test.ts:46:35 - Decorator @SceneObjectChangeDetection applied to property 'optionalObjectArray' with type 'object[]'.
    * Mutable arrays are not allowed. Use readonly arrays instead.
    * Switch to @SceneArrayChangeDetection for array properties.

tools/lint-change-detection.test.ts:47:35 - Decorator @SceneObjectChangeDetection applied to property 'requiredObjectTuple' with type '[boolean, boolean]'.
    * Mutable tuples are not allowed. Use readonly tuples instead.
    * Switch to @SceneArrayChangeDetection for tuple properties.

tools/lint-change-detection.test.ts:48:35 - Decorator @SceneObjectChangeDetection applied to property 'optionalObjectTuple' with type '[boolean, boolean]'.
    * Mutable tuples are not allowed. Use readonly tuples instead.
    * Switch to @SceneArrayChangeDetection for tuple properties.

tools/lint-change-detection.test.ts:52:34 - Decorator @SceneArrayChangeDetection applied to property 'requiredString' with type 'string'.
    * SceneArrayChangeDetection should only be applied to readonly (string | number | boolean)[] types.

tools/lint-change-detection.test.ts:53:34 - Decorator @SceneArrayChangeDetection applied to property 'optionalString' with type 'string'.
    * SceneArrayChangeDetection should only be applied to readonly (string | number | boolean)[] types.

tools/lint-change-detection.test.ts:54:34 - Decorator @SceneArrayChangeDetection applied to property 'requiredNumber' with type 'number'.
    * SceneArrayChangeDetection should only be applied to readonly (string | number | boolean)[] types.

tools/lint-change-detection.test.ts:55:34 - Decorator @SceneArrayChangeDetection applied to property 'optionalNumber' with type 'number'.
    * SceneArrayChangeDetection should only be applied to readonly (string | number | boolean)[] types.

tools/lint-change-detection.test.ts:56:34 - Decorator @SceneArrayChangeDetection applied to property 'requiredBoolean' with type 'boolean'.
    * SceneArrayChangeDetection should only be applied to readonly (string | number | boolean)[] types.

tools/lint-change-detection.test.ts:57:34 - Decorator @SceneArrayChangeDetection applied to property 'optionalBoolean' with type 'boolean'.
    * SceneArrayChangeDetection should only be applied to readonly (string | number | boolean)[] types.

tools/lint-change-detection.test.ts:58:34 - Decorator @SceneArrayChangeDetection applied to property 'requiredObject' with type 'object'.
    * SceneArrayChangeDetection should only be applied to readonly (string | number | boolean)[] types.

tools/lint-change-detection.test.ts:59:34 - Decorator @SceneArrayChangeDetection applied to property 'optionalObject' with type 'object'.
    * SceneArrayChangeDetection should only be applied to readonly (string | number | boolean)[] types.

tools/lint-change-detection.test.ts:61:34 - Decorator @SceneArrayChangeDetection applied to property 'requiredMutableAnyArray' with type 'any[]'.
    * Mutable arrays are not allowed. Use readonly arrays instead.
    * SceneArrayChangeDetection should only be applied to readonly (string | number | boolean)[] types.

tools/lint-change-detection.test.ts:62:34 - Decorator @SceneArrayChangeDetection applied to property 'optionalMutableAnyArray' with type 'any[]'.
    * Mutable arrays are not allowed. Use readonly arrays instead.
    * SceneArrayChangeDetection should only be applied to readonly (string | number | boolean)[] types.

tools/lint-change-detection.test.ts:63:34 - Decorator @SceneArrayChangeDetection applied to property 'requiredReadonlyAnyArray' with type 'readonly any[]'.
    * SceneArrayChangeDetection should only be applied to readonly (string | number | boolean)[] types.

tools/lint-change-detection.test.ts:64:34 - Decorator @SceneArrayChangeDetection applied to property 'optionalReadonlyAnyArray' with type 'readonly any[]'.
    * SceneArrayChangeDetection should only be applied to readonly (string | number | boolean)[] types.

tools/lint-change-detection.test.ts:65:34 - Decorator @SceneArrayChangeDetection applied to property 'requiredMutableAnyTuple' with type '[any, any, any]'.
    * Mutable tuples are not allowed. Use readonly tuples instead.
    * SceneArrayChangeDetection should only be applied to readonly (string | number | boolean)[] types.

tools/lint-change-detection.test.ts:66:34 - Decorator @SceneArrayChangeDetection applied to property 'optionalMutableAnyTuple' with type '[any, any, any]'.
    * Mutable tuples are not allowed. Use readonly tuples instead.
    * SceneArrayChangeDetection should only be applied to readonly (string | number | boolean)[] types.

tools/lint-change-detection.test.ts:67:34 - Decorator @SceneArrayChangeDetection applied to property 'requiredReadonlyAnyTuple' with type 'readonly [any, any, any]'.
    * SceneArrayChangeDetection should only be applied to readonly (string | number | boolean)[] types.

tools/lint-change-detection.test.ts:68:34 - Decorator @SceneArrayChangeDetection applied to property 'optionalReadonlyAnyTuple' with type 'readonly [any, any, any]'.
    * SceneArrayChangeDetection should only be applied to readonly (string | number | boolean)[] types.

tools/lint-change-detection.test.ts:70:34 - Decorator @SceneArrayChangeDetection applied to property 'requiredMutableObjectArray' with type 'object[]'.
    * Mutable arrays are not allowed. Use readonly arrays instead.
    * SceneArrayChangeDetection should only be applied to readonly (string | number | boolean)[] types.

tools/lint-change-detection.test.ts:71:34 - Decorator @SceneArrayChangeDetection applied to property 'optionalMutableObjectArray' with type 'object[]'.
    * Mutable arrays are not allowed. Use readonly arrays instead.
    * SceneArrayChangeDetection should only be applied to readonly (string | number | boolean)[] types.

tools/lint-change-detection.test.ts:72:34 - Decorator @SceneArrayChangeDetection applied to property 'requiredReadonlyObjectArray' with type 'readonly object[]'.
    * SceneArrayChangeDetection should only be applied to readonly (string | number | boolean)[] types.

tools/lint-change-detection.test.ts:73:34 - Decorator @SceneArrayChangeDetection applied to property 'optionalReadonlyObjectArray' with type 'readonly object[]'.
    * SceneArrayChangeDetection should only be applied to readonly (string | number | boolean)[] types.

tools/lint-change-detection.test.ts:74:34 - Decorator @SceneArrayChangeDetection applied to property 'requiredMutableObjectTuple' with type '[object, number, string]'.
    * Mutable tuples are not allowed. Use readonly tuples instead.
    * SceneArrayChangeDetection should only be applied to readonly (string | number | boolean)[] types.

tools/lint-change-detection.test.ts:75:34 - Decorator @SceneArrayChangeDetection applied to property 'optionalMutableObjectTuple' with type '[object, number, string, boolean]'.
    * Mutable tuples are not allowed. Use readonly tuples instead.
    * SceneArrayChangeDetection should only be applied to readonly (string | number | boolean)[] types.

tools/lint-change-detection.test.ts:76:34 - Decorator @SceneArrayChangeDetection applied to property 'requiredReadonlyObjectTuple' with type 'readonly [object, number, string]'.
    * SceneArrayChangeDetection should only be applied to readonly (string | number | boolean)[] types.

tools/lint-change-detection.test.ts:77:34 - Decorator @SceneArrayChangeDetection applied to property 'optionalReadonlyObjectTuple' with type 'readonly [object, number, string, boolean]'.
    * SceneArrayChangeDetection should only be applied to readonly (string | number | boolean)[] types.

tools/lint-change-detection.test.ts:79:34 - Decorator @SceneArrayChangeDetection applied to property 'requiredMutableNumberArray' with type 'number[]'.
    * Mutable arrays are not allowed. Use readonly arrays instead.

tools/lint-change-detection.test.ts:80:34 - Decorator @SceneArrayChangeDetection applied to property 'optionalMutableNumberArray' with type 'number[]'.
    * Mutable arrays are not allowed. Use readonly arrays instead.

tools/lint-change-detection.test.ts:83:34 - Decorator @SceneArrayChangeDetection applied to property 'requiredMutableNumberTuple' with type '[number, number]'.
    * Mutable tuples are not allowed. Use readonly tuples instead.

tools/lint-change-detection.test.ts:84:34 - Decorator @SceneArrayChangeDetection applied to property 'optionalMutableNumberTuple' with type '[number, number]'.
    * Mutable tuples are not allowed. Use readonly tuples instead.

",
  "stdout": "",
}
`;
