// Jest Snapshot v1, https://goo.gl/fbAQLP

exports[`lint-change-detection should match the expected linting errors snapshot 1`] = `
{
  "stderr": "Change detection lint errors found:
tools/lint-change-detection.test.ts:27:29 - Decorator @SceneChangeDetection applied to property 'requiredObject' with type 'object'.
    * Switch to @SceneObjectChangeDetection for object properties.

tools/lint-change-detection.test.ts:28:29 - Decorator @SceneChangeDetection applied to property 'optionalObject' with type 'object'.
    * Switch to @SceneObjectChangeDetection for object properties.

tools/lint-change-detection.test.ts:29:29 - Decorator @SceneChangeDetection applied to property 'requiredAnyArray' with type 'any[]'.
    * Mutable arrays are not allowed. Use readonly arrays instead.
    * Switch to @SceneArrayChangeDetection for array properties.

tools/lint-change-detection.test.ts:30:29 - Decorator @SceneChangeDetection applied to property 'optionalAnyArray' with type 'any[]'.
    * Mutable arrays are not allowed. Use readonly arrays instead.
    * Switch to @SceneArrayChangeDetection for array properties.

tools/lint-change-detection.test.ts:31:29 - Decorator @SceneChangeDetection applied to property 'requiredObjectArray' with type 'object[]'.
    * Mutable arrays are not allowed. Use readonly arrays instead.
    * Switch to @SceneArrayChangeDetection for array properties.

tools/lint-change-detection.test.ts:32:29 - Decorator @SceneChangeDetection applied to property 'optionalObjectArray' with type 'object[]'.
    * Mutable arrays are not allowed. Use readonly arrays instead.
    * Switch to @SceneArrayChangeDetection for array properties.

tools/lint-change-detection.test.ts:33:29 - Decorator @SceneChangeDetection applied to property 'requiredNumberArray' with type 'number[]'.
    * Mutable arrays are not allowed. Use readonly arrays instead.
    * Switch to @SceneArrayChangeDetection for array properties.

tools/lint-change-detection.test.ts:34:29 - Decorator @SceneChangeDetection applied to property 'optionalNumberArray' with type 'number[]'.
    * Mutable arrays are not allowed. Use readonly arrays instead.
    * Switch to @SceneArrayChangeDetection for array properties.

tools/lint-change-detection.test.ts:35:29 - Decorator @SceneChangeDetection applied to property 'requiredObjectTuple' with type '[string, string, string]'.
    * Mutable tuples are not allowed. Use readonly tuples instead.
    * Switch to @SceneArrayChangeDetection for tuple properties.

tools/lint-change-detection.test.ts:36:29 - Decorator @SceneChangeDetection applied to property 'optionalObjectTuple' with type '[string, string, string]'.
    * Mutable tuples are not allowed. Use readonly tuples instead.
    * Switch to @SceneArrayChangeDetection for tuple properties.

tools/lint-change-detection.test.ts:38:29 - Decorator @SceneChangeDetection applied to property 'requiredUnion1' with type 'number | readonly [number, number]'.
    * Switch to @SceneObjectChangeDetection for (primitive | object | array) union properties.

tools/lint-change-detection.test.ts:39:29 - Decorator @SceneChangeDetection applied to property 'optionalUnion1' with type 'number | readonly [number, number]'.
    * Switch to @SceneObjectChangeDetection for (primitive | object | array) union properties.

tools/lint-change-detection.test.ts:40:29 - Decorator @SceneChangeDetection applied to property 'requiredUnion2' with type 'number | readonly string[]'.
    * Switch to @SceneObjectChangeDetection for (primitive | object | array) union properties.

tools/lint-change-detection.test.ts:41:29 - Decorator @SceneChangeDetection applied to property 'optionalUnion2' with type 'number | readonly string[]'.
    * Switch to @SceneObjectChangeDetection for (primitive | object | array) union properties.

tools/lint-change-detection.test.ts:42:29 - Decorator @SceneChangeDetection applied to property 'requiredUnion3' with type 'object | readonly [number, number]'.
    * Switch to @SceneObjectChangeDetection for (primitive | object | array) union properties.

tools/lint-change-detection.test.ts:43:29 - Decorator @SceneChangeDetection applied to property 'optionalUnion3' with type 'object | readonly [number, number]'.
    * Switch to @SceneObjectChangeDetection for (primitive | object | array) union properties.

tools/lint-change-detection.test.ts:44:29 - Decorator @SceneChangeDetection applied to property 'requiredUnion4' with type 'object | readonly string[]'.
    * Switch to @SceneObjectChangeDetection for (primitive | object | array) union properties.

tools/lint-change-detection.test.ts:45:29 - Decorator @SceneChangeDetection applied to property 'optionalUnion4' with type 'object | readonly string[]'.
    * Switch to @SceneObjectChangeDetection for (primitive | object | array) union properties.

tools/lint-change-detection.test.ts:46:29 - Decorator @SceneChangeDetection applied to property 'requiredUnion5' with type 'string | object | readonly boolean[]'.
    * Switch to @SceneObjectChangeDetection for (primitive | object | array) union properties.

tools/lint-change-detection.test.ts:47:29 - Decorator @SceneChangeDetection applied to property 'optionalUnion5' with type 'string | object | readonly boolean[]'.
    * Switch to @SceneObjectChangeDetection for (primitive | object | array) union properties.

tools/lint-change-detection.test.ts:48:29 - Decorator @SceneChangeDetection applied to property 'requiredUnion6' with type 'object | object[]'.
    * Mutable arrays are not allowed. Use readonly arrays instead.
    * Switch to @SceneObjectChangeDetection for (primitive | object | array) union properties.

tools/lint-change-detection.test.ts:49:29 - Decorator @SceneChangeDetection applied to property 'optionalUnion6' with type 'object | object[]'.
    * Mutable arrays are not allowed. Use readonly arrays instead.
    * Switch to @SceneObjectChangeDetection for (primitive | object | array) union properties.

tools/lint-change-detection.test.ts:53:35 - Decorator @SceneObjectChangeDetection applied to property 'requiredString' with type 'string'.
    * SceneObjectChangeDetection should only be applied to non-array object types.

tools/lint-change-detection.test.ts:54:35 - Decorator @SceneObjectChangeDetection applied to property 'optionalString' with type 'string'.
    * SceneObjectChangeDetection should only be applied to non-array object types.

tools/lint-change-detection.test.ts:55:35 - Decorator @SceneObjectChangeDetection applied to property 'requiredNumber' with type 'number'.
    * SceneObjectChangeDetection should only be applied to non-array object types.

tools/lint-change-detection.test.ts:56:35 - Decorator @SceneObjectChangeDetection applied to property 'optionalNumber' with type 'number'.
    * SceneObjectChangeDetection should only be applied to non-array object types.

tools/lint-change-detection.test.ts:57:35 - Decorator @SceneObjectChangeDetection applied to property 'requiredBoolean' with type 'boolean'.
    * SceneObjectChangeDetection should only be applied to non-array object types.

tools/lint-change-detection.test.ts:58:35 - Decorator @SceneObjectChangeDetection applied to property 'optionalBoolean' with type 'boolean'.
    * SceneObjectChangeDetection should only be applied to non-array object types.

tools/lint-change-detection.test.ts:61:35 - Decorator @SceneObjectChangeDetection applied to property 'requiredObjectArray' with type 'object[]'.
    * Mutable arrays are not allowed. Use readonly arrays instead.
    * Switch to @SceneArrayChangeDetection for array properties.

tools/lint-change-detection.test.ts:62:35 - Decorator @SceneObjectChangeDetection applied to property 'optionalObjectArray' with type 'object[]'.
    * Mutable arrays are not allowed. Use readonly arrays instead.
    * Switch to @SceneArrayChangeDetection for array properties.

tools/lint-change-detection.test.ts:63:35 - Decorator @SceneObjectChangeDetection applied to property 'requiredObjectTuple' with type '[boolean, boolean]'.
    * Mutable tuples are not allowed. Use readonly tuples instead.
    * Switch to @SceneArrayChangeDetection for tuple properties.

tools/lint-change-detection.test.ts:64:35 - Decorator @SceneObjectChangeDetection applied to property 'optionalObjectTuple' with type '[boolean, boolean]'.
    * Mutable tuples are not allowed. Use readonly tuples instead.
    * Switch to @SceneArrayChangeDetection for tuple properties.

tools/lint-change-detection.test.ts:76:35 - Decorator @SceneObjectChangeDetection applied to property 'requiredUnion6' with type 'object | object[]'.
    * Mutable arrays are not allowed. Use readonly arrays instead.

tools/lint-change-detection.test.ts:77:35 - Decorator @SceneObjectChangeDetection applied to property 'optionalUnion6' with type 'object | object[]'.
    * Mutable arrays are not allowed. Use readonly arrays instead.

tools/lint-change-detection.test.ts:81:34 - Decorator @SceneArrayChangeDetection applied to property 'requiredString' with type 'string'.
    * SceneArrayChangeDetection should only be applied to readonly (string | number | boolean)[] types.

tools/lint-change-detection.test.ts:82:34 - Decorator @SceneArrayChangeDetection applied to property 'optionalString' with type 'string'.
    * SceneArrayChangeDetection should only be applied to readonly (string | number | boolean)[] types.

tools/lint-change-detection.test.ts:83:34 - Decorator @SceneArrayChangeDetection applied to property 'requiredNumber' with type 'number'.
    * SceneArrayChangeDetection should only be applied to readonly (string | number | boolean)[] types.

tools/lint-change-detection.test.ts:84:34 - Decorator @SceneArrayChangeDetection applied to property 'optionalNumber' with type 'number'.
    * SceneArrayChangeDetection should only be applied to readonly (string | number | boolean)[] types.

tools/lint-change-detection.test.ts:85:34 - Decorator @SceneArrayChangeDetection applied to property 'requiredBoolean' with type 'boolean'.
    * SceneArrayChangeDetection should only be applied to readonly (string | number | boolean)[] types.

tools/lint-change-detection.test.ts:86:34 - Decorator @SceneArrayChangeDetection applied to property 'optionalBoolean' with type 'boolean'.
    * SceneArrayChangeDetection should only be applied to readonly (string | number | boolean)[] types.

tools/lint-change-detection.test.ts:87:34 - Decorator @SceneArrayChangeDetection applied to property 'requiredObject' with type 'object'.
    * SceneArrayChangeDetection should only be applied to readonly (string | number | boolean)[] types.

tools/lint-change-detection.test.ts:88:34 - Decorator @SceneArrayChangeDetection applied to property 'optionalObject' with type 'object'.
    * SceneArrayChangeDetection should only be applied to readonly (string | number | boolean)[] types.

tools/lint-change-detection.test.ts:90:34 - Decorator @SceneArrayChangeDetection applied to property 'requiredMutableAnyArray' with type 'any[]'.
    * Mutable arrays are not allowed. Use readonly arrays instead.
    * SceneArrayChangeDetection should only be applied to readonly (string | number | boolean)[] types.

tools/lint-change-detection.test.ts:91:34 - Decorator @SceneArrayChangeDetection applied to property 'optionalMutableAnyArray' with type 'any[]'.
    * Mutable arrays are not allowed. Use readonly arrays instead.
    * SceneArrayChangeDetection should only be applied to readonly (string | number | boolean)[] types.

tools/lint-change-detection.test.ts:92:34 - Decorator @SceneArrayChangeDetection applied to property 'requiredReadonlyAnyArray' with type 'readonly any[]'.
    * SceneArrayChangeDetection should only be applied to readonly (string | number | boolean)[] types.

tools/lint-change-detection.test.ts:93:34 - Decorator @SceneArrayChangeDetection applied to property 'optionalReadonlyAnyArray' with type 'readonly any[]'.
    * SceneArrayChangeDetection should only be applied to readonly (string | number | boolean)[] types.

tools/lint-change-detection.test.ts:94:34 - Decorator @SceneArrayChangeDetection applied to property 'requiredMutableAnyTuple' with type '[any, any, any]'.
    * Mutable tuples are not allowed. Use readonly tuples instead.
    * SceneArrayChangeDetection should only be applied to readonly (string | number | boolean)[] types.

tools/lint-change-detection.test.ts:95:34 - Decorator @SceneArrayChangeDetection applied to property 'optionalMutableAnyTuple' with type '[any, any, any]'.
    * Mutable tuples are not allowed. Use readonly tuples instead.
    * SceneArrayChangeDetection should only be applied to readonly (string | number | boolean)[] types.

tools/lint-change-detection.test.ts:96:34 - Decorator @SceneArrayChangeDetection applied to property 'requiredReadonlyAnyTuple' with type 'readonly [any, any, any]'.
    * SceneArrayChangeDetection should only be applied to readonly (string | number | boolean)[] types.

tools/lint-change-detection.test.ts:97:34 - Decorator @SceneArrayChangeDetection applied to property 'optionalReadonlyAnyTuple' with type 'readonly [any, any, any]'.
    * SceneArrayChangeDetection should only be applied to readonly (string | number | boolean)[] types.

tools/lint-change-detection.test.ts:99:34 - Decorator @SceneArrayChangeDetection applied to property 'requiredMutableObjectArray' with type 'object[]'.
    * Mutable arrays are not allowed. Use readonly arrays instead.
    * SceneArrayChangeDetection should only be applied to readonly (string | number | boolean)[] types.

tools/lint-change-detection.test.ts:100:34 - Decorator @SceneArrayChangeDetection applied to property 'optionalMutableObjectArray' with type 'object[]'.
    * Mutable arrays are not allowed. Use readonly arrays instead.
    * SceneArrayChangeDetection should only be applied to readonly (string | number | boolean)[] types.

tools/lint-change-detection.test.ts:101:34 - Decorator @SceneArrayChangeDetection applied to property 'requiredReadonlyObjectArray' with type 'readonly object[]'.
    * SceneArrayChangeDetection should only be applied to readonly (string | number | boolean)[] types.

tools/lint-change-detection.test.ts:102:34 - Decorator @SceneArrayChangeDetection applied to property 'optionalReadonlyObjectArray' with type 'readonly object[]'.
    * SceneArrayChangeDetection should only be applied to readonly (string | number | boolean)[] types.

tools/lint-change-detection.test.ts:103:34 - Decorator @SceneArrayChangeDetection applied to property 'requiredMutableObjectTuple' with type '[object, number, string]'.
    * Mutable tuples are not allowed. Use readonly tuples instead.
    * SceneArrayChangeDetection should only be applied to readonly (string | number | boolean)[] types.

tools/lint-change-detection.test.ts:104:34 - Decorator @SceneArrayChangeDetection applied to property 'optionalMutableObjectTuple' with type '[object, number, string, boolean]'.
    * Mutable tuples are not allowed. Use readonly tuples instead.
    * SceneArrayChangeDetection should only be applied to readonly (string | number | boolean)[] types.

tools/lint-change-detection.test.ts:105:34 - Decorator @SceneArrayChangeDetection applied to property 'requiredReadonlyObjectTuple' with type 'readonly [object, number, string]'.
    * SceneArrayChangeDetection should only be applied to readonly (string | number | boolean)[] types.

tools/lint-change-detection.test.ts:106:34 - Decorator @SceneArrayChangeDetection applied to property 'optionalReadonlyObjectTuple' with type 'readonly [object, number, string, boolean]'.
    * SceneArrayChangeDetection should only be applied to readonly (string | number | boolean)[] types.

tools/lint-change-detection.test.ts:108:34 - Decorator @SceneArrayChangeDetection applied to property 'requiredMutableNumberArray' with type 'number[]'.
    * Mutable arrays are not allowed. Use readonly arrays instead.

tools/lint-change-detection.test.ts:109:34 - Decorator @SceneArrayChangeDetection applied to property 'optionalMutableNumberArray' with type 'number[]'.
    * Mutable arrays are not allowed. Use readonly arrays instead.

tools/lint-change-detection.test.ts:112:34 - Decorator @SceneArrayChangeDetection applied to property 'requiredMutableNumberTuple' with type '[number, number]'.
    * Mutable tuples are not allowed. Use readonly tuples instead.

tools/lint-change-detection.test.ts:113:34 - Decorator @SceneArrayChangeDetection applied to property 'optionalMutableNumberTuple' with type '[number, number]'.
    * Mutable tuples are not allowed. Use readonly tuples instead.

tools/lint-change-detection.test.ts:117:34 - Decorator @SceneArrayChangeDetection applied to property 'requiredUnion1' with type 'number | readonly [number, number]'.
    * Switch to @SceneObjectChangeDetection for (primitive | object | array) union properties.

tools/lint-change-detection.test.ts:118:34 - Decorator @SceneArrayChangeDetection applied to property 'optionalUnion1' with type 'number | readonly [number, number]'.
    * Switch to @SceneObjectChangeDetection for (primitive | object | array) union properties.

tools/lint-change-detection.test.ts:119:34 - Decorator @SceneArrayChangeDetection applied to property 'requiredUnion2' with type 'number | readonly string[]'.
    * Switch to @SceneObjectChangeDetection for (primitive | object | array) union properties.

tools/lint-change-detection.test.ts:120:34 - Decorator @SceneArrayChangeDetection applied to property 'optionalUnion2' with type 'number | readonly string[]'.
    * Switch to @SceneObjectChangeDetection for (primitive | object | array) union properties.

tools/lint-change-detection.test.ts:121:34 - Decorator @SceneArrayChangeDetection applied to property 'requiredUnion3' with type 'object | readonly [number, number]'.
    * Switch to @SceneObjectChangeDetection for (primitive | object | array) union properties.

tools/lint-change-detection.test.ts:122:34 - Decorator @SceneArrayChangeDetection applied to property 'optionalUnion3' with type 'object | readonly [number, number]'.
    * Switch to @SceneObjectChangeDetection for (primitive | object | array) union properties.

tools/lint-change-detection.test.ts:123:34 - Decorator @SceneArrayChangeDetection applied to property 'requiredUnion4' with type 'object | readonly string[]'.
    * Switch to @SceneObjectChangeDetection for (primitive | object | array) union properties.

tools/lint-change-detection.test.ts:124:34 - Decorator @SceneArrayChangeDetection applied to property 'optionalUnion4' with type 'object | readonly string[]'.
    * Switch to @SceneObjectChangeDetection for (primitive | object | array) union properties.

tools/lint-change-detection.test.ts:125:34 - Decorator @SceneArrayChangeDetection applied to property 'requiredUnion5' with type 'string | object | readonly boolean[]'.
    * Switch to @SceneObjectChangeDetection for (primitive | object | array) union properties.

tools/lint-change-detection.test.ts:126:34 - Decorator @SceneArrayChangeDetection applied to property 'optionalUnion5' with type 'string | object | readonly boolean[]'.
    * Switch to @SceneObjectChangeDetection for (primitive | object | array) union properties.

tools/lint-change-detection.test.ts:127:34 - Decorator @SceneArrayChangeDetection applied to property 'requiredUnion6' with type 'object | object[]'.
    * Mutable arrays are not allowed. Use readonly arrays instead.
    * Switch to @SceneObjectChangeDetection for (primitive | object | array) union properties.

tools/lint-change-detection.test.ts:128:34 - Decorator @SceneArrayChangeDetection applied to property 'optionalUnion6' with type 'object | object[]'.
    * Mutable arrays are not allowed. Use readonly arrays instead.
    * Switch to @SceneObjectChangeDetection for (primitive | object | array) union properties.

",
  "stdout": "",
}
`;
