// Jest Snapshot v1, https://goo.gl/fbAQLP

exports[`lint-change-detection should match the expected linting errors snapshot 1`] = `
{
  "stderr": "Change detection lint errors found:
tools/lint-change-detection.test.ts:27:29 - Decorator @SceneChangeDetection applied to property 'requiredObject' with type 'object'. Property type is not allowed for change detection.
tools/lint-change-detection.test.ts:28:29 - Decorator @SceneChangeDetection applied to property 'optionalObject' with type 'object'. Property type is not allowed for change detection.
tools/lint-change-detection.test.ts:29:29 - Decorator @SceneChangeDetection applied to property 'requiredArray' with type 'any[]'. Switch to @SceneArrayChangeDetection for array properties.
tools/lint-change-detection.test.ts:30:29 - Decorator @SceneChangeDetection applied to property 'optionalArray' with type 'any[]'. Switch to @SceneArrayChangeDetection for array properties.
tools/lint-change-detection.test.ts:32:35 - Decorator @SceneObjectChangeDetection applied to property 'requiredObjectDetection' with type 'object'. SceneObjectChangeDetection should only be applied to non-array object types.
tools/lint-change-detection.test.ts:33:35 - Decorator @SceneObjectChangeDetection applied to property 'optionalObjectDetection' with type 'object'. SceneObjectChangeDetection should only be applied to non-array object types.
tools/lint-change-detection.test.ts:35:34 - Decorator @SceneArrayChangeDetection applied to property 'requiredArrayDetection' with type 'any[]'. SceneArrayChangeDetection should only be applied to (string | number | boolean)[] types.
tools/lint-change-detection.test.ts:36:34 - Decorator @SceneArrayChangeDetection applied to property 'optionalArrayDetection' with type 'any[]'. SceneArrayChangeDetection should only be applied to (string | number | boolean)[] types.
",
  "stdout": "",
}
`;
